[    0.000000] Initializing cgroup subsys cpuset
[    0.000000] Initializing cgroup subsys cpu
[    0.000000] Initializing cgroup subsys cpuacct
[    0.0000] Linux version 4.4.0-135-generic (buildd@lgw01-amd64-027) (gcc version 5.4.0 20160609 Ubntu 5.0-6ubuntu1~16.04.10) ) #161-Ubuntu SMP Mon Aug 27 10:46:32 UTC 2018 (Ubuntu 4.4.0-135.161-generic 4.4.140)
[    0.000000] KERNEL supprted cpus:
[    0.000000]   Intel GenuineIntel
[    0.000000]   AMD AuthenticAMD
[    0.000000]   NSC Geode by NSC
[    0.000000]   Cyrix CyrixInstead
[    0.000000]   Centaur CentaurHauls
[    0.000000] TanmetaenineTMx86
[    0.000000]   Transmeta ansmetaCP
[  000000]   UMC UMC UMC UMC
[    0.000000] x86/fpu: xstate_offset[2]:  576, xstate_sizes[2]:  256
[    0.000000] x86/fpu: Supporting XSAVE feature 0x01: 'x87 oating oint registers'
[    0.000000] x86/fpu: Suppoing XSAVE feature 0x02: 'SSE registers'
[    0.000000] x86/fpu: Supporting XSAVE feature 0x04: 'AVX rgiters'
[   .00000] x86/fpu: abled xstate features 0x context size is 8 bytes, using 'standard' format.
[    0.000000] e820: BIOS-provided physial R map:
[    0.000000] BIOS-e820: [mem 0x000000000000000x000000000fbff] usable
[    0.000000] BIOS-e820: [mem 0x000000000009c00-0x000000009fff rerved
[   0.0000] BIOS-e820[mem 0x00000000000f0000-0x00000000000fffff] reserved
[    0.000000] BIOS-e820: [mem 0x0000000000100000-0x000000003ffeffff] usable
[    0.000000] BIOS-e820: [mem 0x000000003fff0000-0x000000003fffffff] ACPI data
[    0.000000] BIOS-e820: [mem 0x00000000fec00000-0x00000000fec00fff] reserved
[    0.000000] BIOS-e820: [mem 0x00000000fee00000-0x00000000fee00fff] reserved
[    0.000000] BIOS-e820: [mem 0x00000000fffc0000-0x00000000ffffffff] reserved
[    0.000000] NX (Execute Disable) protection: active
[    0.000000] SMBIOS 2.5 present.
[   0.00000] pevisor detected: KVM
[    0.000000] e820: last_pfn = 0x3fff0 mx_rch_pfn = 0x1000000
[    0.000000] MTRR: Disabled
[    0.000000] x86/PAT: MTRRs disabled, skipping PAT initialization too.
[    0.000000] CPU MTRRs all blank - irtualized system.
[    0.000000] x86/P: Configuration [0-7]: WB  WT  UC- UC  WB  WT  UC- UC 
   0.000000] foun S MP-blat [m 0x009fff0-0x0009ffff] mapped at [c009fff0]
[  0.00000] canning 1 areas for low memory crution
[    0.000000] RAMDISK: [mem 0x363d6000-0x371e2fff]
[    0.000000] ACPI: Early table checksum verification disabled
[    0.000000] ACPI: RSDP 0x00000000000E0000 000024 (v02 VBOX  )
[    0.000000] ACPI: XSDT 0x000000003FFF0030 00003C (v01 VBOX   VBOXXSDT 00000001 ASL  00000061)
[    0.000000] ACPI: FACP 0x000000003FFF00F0 0000F4 (v04 VBOX   VBOXFACP 00000001 ASL  00000061)
[    0.000000] ACPI: DSDT 0x000000003FFF0470 0021FF (v02 VBOX   VBOXBIOS 00000002 INTL 20100528)
[    0.000000] ACPI: FACS 0x000000003FFF0200 000040
[    0.000000] ACPI: FACS 0x000000003FFF0200 000040
[    0.000000] ACPI: APIC 0x000000003FFF0240 00005C (v02 VBOX   VBOXAPIC 00000001 ASL  00000061)
[    0.000000] ACPI: SSDT 0x000000003FFF02A0 0001CC (v01 VBOX   VBOXCPUT 00000002 INTL 20100528)
[    0.000000] 131MB HIGHMEM available.
[    0.000000] 891MB LOWMEM available.
[    0.000000]   mapped low ram: 0 - 37bfe000
[    0.000000]   low ram: 0 - 37bfe000
[    0.000000] kvm-clock: Using msrs 4b564d01 and 4b564d00
[    0.000000] kvm-clock: cpu 0, msr 0:37bbfd001, primary cpu clock
[    0.000000] kvm-clock: using sched offset of 3770178768 cycles
[    0.000000] clocksource: kvm-clock: mask: 0xffffffffffffffff max_cycles: 0x1cd42e4dffb, max_idle_ns: 881590591483 ns
[    0.000000] Zone ranges:
[    0.000000]  MA    mem 0x0000000000001000-0x0000000000ffffff]
    0.000000]   Normal   [mem 0x0000000001000000-0x0000000037bfdfff]
[    0.000000]   HighMem  [mem 0x0000000037bfe000-0x000000003ffeffff]
[    0.000000] Movable zone start for ea nde
[  00000] Earlmemo nde raes
[   00000  node   [mem 0x0000000000001000-0x000000000009ef]
[    0.000000   node   0: [mem 000000000100000-0x0000003ffeff]    0.000000] Inme supode 0 [mem 0x0000000000001000-0x000000003effff
    0.000000] Using APIC driver default
[    .00000] ACPI: PM-Timer IO Port: 0x4008
[    0.000000] IOAPIC[0]: apic_id 2, version 32, address 0xfec00000, GSI 0-23
[    0.000000] ACPI: INT_SRC_OVR (bus 0 bus_irq 0 global_irq 2 dfl dfl)
[    0.000000] ACPI: INT_SRC_OVR (bus 0 bus_irq 9 global_irq 9 low level)
[    0.000000] Using ACPI (MADT) for SMP configuratin information
[  000000] smpboot: Allowing 2 CPUs, 0 hotplug CPUs
[    0.000000] PM: Registered nosave memory: [mem 0x00000000-0x00000fff]
[    0.000000] PM: Registered nosave memory: [mem 0x0009f000-0x0009ffff]
[    0.000000] PM: Reggistered nosave memory: [mem 0x000a0000-0x000effff]
[    0.000000] PM: Registered nosave memory: [mem 0x000f0000-0x000fffff]
[    0.000000] e820: [mem 0x40000000-0xfebfffff] available for PCI devices
[    0.000000] Booting paravirtualized kernel on KVM
[    0.000000] clockurce: refine-jiffies: mask: 0xffffffff max_cycles: 0xfffffff max_idle_ns: 7645519600211568 ns
[    0.000000] setup_percpu: NR_CPUS:8 nr_cpumask_bits:8 nr_cpu_ids:2 nrnodeds:1
[    0.000000] PERCPU: Embedded 19 pages/cpu @f63a000 s47436 r0 d30388 u77824
[    0.000000] PV qspinlock hash table entries: 512 (ordeer:  46 bytes)
[    0.0000] But 1 neists in Zone rder,moilit gouing n.Total pages: 259800
[    0.000000 Kerel command line: BOOT_IMAGE=/ot/vmlinuz-4.4.0-135-generic root=LABEL=cloudimg-rootfs ro console=tty1 console=ttyS0
[    0.000000] PID hash table entries: 4096 (order: 2, 16384 bytes)
[    0.000000] Dentry cache hash table entries: 131072 (order: 7, 524288 bytes)
[    000000Inde-cheha table entries: 65536 (order: 6, 262144 bytes)
[    0.000000] Initializing CPU#0
[    0.000000] Initializing HighMem for node 0 (00037bfe:0003fff0)
[    0.000000] Initializing Movable for node 0 (00000000:00000000)
[    0.000000] Memory: 1008424K/1048120K available (8040K kernel code, 782K rwdata, 3180K rodata, 952K init, 800K bss, 39696K reserved, 0K cma-reserved, 135112K highmem)
[    0.000000] virtual kernel memory layout:
[    0.000000]     fixmap  : 0xfff15000 - 0xfffff000   ( 936 kB)
[    0.000000]     pkmap   : 0xffc00000 - 0xffe00000   (2048 kB)
[    0.000000]     vmalloc : 0xf83fe000 - 0xffbfe000   ( 120 B)
[    0.000000]     lowmem  : 0xc0000000 - 0xf7bfe000   ( 891 MB)
[    0.000000]       .init : 0xc1bbc000 - 0xc1caa000   ( 952 kB)
[    0.000000]       .data : 0xc17da528 - 0xc1bbaa00   (3969 kB)
[    0.00]       .text : 0xc1000000 - c17da528   (41 k
    000000] Checking f this processor honours the WP bit even in supervisor mode...Ok.
[    0.00000] UB HWagn=64, Orer=03,MinObects=0, CPUs=2, Nodes=1
[    0.000000] Hierarchical RCU implemenatn.
   000000]Buid-time adjustment of leaf fautto 32.
[    0.000000] 	RCU rtrctng CPUs from NR_CPUS=8 to nr_cp_ids=2.
[    0.000000] RCU: Adjusting gomtr for rcfanout_leaf=32, nr_cpu_ids=2
[   00000] NR_IRQS:2304 _irqs:440 16
[    0.00000] onsole: colour VGA+0x25
[    0.000000] consol [tt1]naled    00000] console [ttyS0] enabled
[    00000] allocatd 4857 bteof page_ext
[  0000000] tsc: Detected 3292.522 MHz processor
[    4.835242] Calibrating delay loop (skipped) preset value.. 6585.04 BogoMIPS (lpj=13170088)
[    4.843766] pid_max: default: 32768 minimum: 301
[    4.844669] ACPI: Core revision 20150930
[    4.846530] ACPI: 2 ACPI AML tables successfully acquired and loaded
[    4.854792] Security Framework initialized
[    4.855611] Yama: becoming mindful.
[    4.856350] AppArmor: AppArmor initialized
[    4.857226] Mount-cache hash table entries: 2048 (order: 1, 8192 bytes)
[    4.901376] Mountpoint-cache hash table entries: 2048 (order: 1, 8192 bytes)
[    4.917958] Initializing cgroup subsys io
[    4.918863] Initializing cgroup subsys memory
[    4.922750] Initializing cgroup subsys devices
[    4.977122] Initializing cgroup subsys freezer
[    4.984229] Initializing cgroup subsys net_cls
[    4.985177] Initializing cgroup subsys perf_event
[    4.992252] Initializing cgroup subsys net_prio
[    4.993122] Initializing cgroup subsys hugetlb
[    4.993957] Initializing cgroup subsys pids
[    4.994797] mce: CPU supports 0 MCE banks
[    4.995676] Last level iTLB entries: 4KB 512, 2MB 8, 4MB 8
[    4.996617] Last level dTLB entries: 4KB 512, 2MB 32, 4MB 32, 1GB 0
[    5.001584] Spectre V2 : Mitigation: Full generic retpoline
[    5.034138] Spectre V2 : Speculation control IBPB not-supported IBRS not-supported
[    5.078807] Spectre V2 : Filling RSB on context switch
[    5.087079] Speculative Store Bypass: Vulnerable
[    5.090866] Freeing SMP alternatives memory: 32K
[    5.099122] ftrace: allocating 31540 entries in 62 pages
[    5.169035] smpboot: APIC(0) Converting physical 0 to logical package 0
[    5.217102] smpboot: Max logical packages: 1
[    5.217915] Enabling APIC mode:  Flat.  Using 1 I/O APICs
[    5.220077] ..TIMER: vector=0x30 apic1=0 pin1=2 apic2=-1 pin2=-1
[    5.329069] smpboot: CPU0: Intel(R) Core(TM) i5-2500 CPU @ 3.30GHz (family: 0x6, model: 0x2a, stepping: 0x7)
[    5.522054] Performance Events: unsupported p6 CPU model 42 no PMU driver, software events only.
[    5.523824] KVM setup paravirtual spinlock
[    5.525259] x86: Booting SMP configuration:
[    5.526046] .... node  #0, CPUs:      #1
[1266874885.939372] Initializing CPU#1
[    5.527386] kvm-clock: cpu 1, msr 0:37bfd041, secondary cpu clock
[    5.528207] mce: CPU supports 0 MCE banks
[    5.548645] x86: Booted up 1 node, 2 CPUs
[    5.640100] smpboot: Total of 2 processors activated (13170.08 BogoMIPS)
[    5.691713] devtmpfs: initialized
[    5.692590] evm: security.selinux
[    5.693358] evm: security.SMACK64
[    5.694035] evm: security.SMACK64EXEC
[    5.697067] evm: security.SMACK64TRANSMUTE
[    5.697873] evm: security.SMACK64MMAP
[    5.698618] evm: security.ima
[    5.699246] evm: security.capability
[    5.736090] clocksource: jiffies: mask: 0xffffffff max_cycles: 0xffffffff, max_idle_ns: 7645041785100000 ns
[    5.775896] futex hash table entries: 512 (order: 3, 32768 bytes)
[    5.777132] pinctrl core: initialized pinctrl subsystem
[    5.808052] RTC time:  2:41:06, date: 09/16/18
[    5.809197] NET: Registered protocol family 16
[    5.816924] EISA bus registered
[    5.830864] cpuidle: using governor ladder
[    5.878462] cpuidle: using governor menu
[    5.909273] PCCT header not found.
[    5.910125] ACPI: bus type PCI registered
[    5.910945] acpiphp: ACPI Hot Plug PCI Controller Driver version: 0.5
[    5.912403] PCI : PCI BIOS area is rw and x. Use pci=nobios if you want it NX.
[    5.914221] PCI: PCI BIOS revision 2.10 entry at 0xfda26, last bus=0
[    5.915364] PCI: Using configuration type 1 for base access
[    5.926331] ACPI: Added _OSI(Module Device)
[    5.927374] ACPI: Added _OSI(Processor Device)
[    5.928404] ACPI: Added _OSI(3.0 _SCP Extensions)
[    5.929503] ACPI: Added _OSI(Processor Aggregator Device)
[    5.933741] ACPI: Executed 1 blocks of module-level executable AML code
[    5.947380] ACPI: Interpreter enabled
[    5.948258] ACPI: (supports S0 S5)
[    5.950261] ACPI: Using IOAPIC for interrupt routing
[    6.040251] PCI: Using host bridge windows from ACPI; if necessary, use "pci=nocrs" and report a bug
[    6.099920] ACPI: PCI Root Bridge [PCI0] (domain 0000 [bus 00-ff])
[    6.253269] acpi PNP0A03:00: _OSC: OS supports [ASPM ClockPM Segments MSI]
[    6.254535] acpi PNP0A03:00: _OSC: not requesting OS control; OS requires [ExtendedConfig ASPM ClockPM MSI]
[    6.256345] acpi PNP0A03:00: fail to add MMCONFIG information, can't access extended PCI configuration space under this bridge.
[    6.265810] PCI host bridge to bus 0000:00
[    6.266591] pci_bus 0000:00: root bus resource [io  0x0000-0x0cf7 window]
[    6.278678] pci_bus 0000:00: root bus resource [io  0x0d00-0xffff window]
[    6.396304] pci_bus 0000:00: root bus resource [mem 0x000a0000-0x000bffff window]
[    6.397708] pci_bus 0000:00: root bus resource [mem 0x40000000-0xfdffffff window]
[    6.404556] pci_bus 0000:00: root bus resource [bus 00-ff]
[    6.416233] pci 0000:00:01.1: legacy IDE quirk: reg 0x10: [io  0x01f0-0x01f7]
[    6.562334] pci 0000:00:01.1: legacy IDE quirk: reg 0x14: [io  0x03f6]
[    6.593796] pci 0000:00:01.1: legacy IDE quirk: reg 0x18: [io  0x0170-0x0177]
[    6.596943] pci 0000:00:01.1: legacy IDE quirk: reg 0x1c: [io  0x0376]
[    6.610618] pci 0000:00:07.0: quirk: [io  0x4000-0x403f] claimed by PIIX4 ACPI
[    6.693458] pci 0000:00:07.0: quirk: [io  0x4100-0x410f] claimed by PIIX4 SMB
[    6.698911] ACPI: PCI Interrupt Link [LNKA] (IRQs 5 9 10 *11)
[    6.805684] ACPI: PCI Interrupt Link [LNKB] (IRQs 5 9 *10 11)
[    6.826177] ACPI: PCI Interrupt Link [LNKC] (IRQs 5 *9 10 11)
[    6.827620] ACPI: PCI Interrupt Link [LNKD] (IRQs 5 9 10 *11)
[    6.837732] ACPI: Enabled 2 GPEs in block 00 to 07
[    6.838997] vgaarb: setting as boot device: PCI:0000:00:02.0
[    6.915136] vgaarb: device added: PCI:0000:00:02.0,decodes=io+mem,owns=io+mem,locks=none
[    6.972017] vgaarb: loaded
[    6.972776] vgaarb: bridge control possible 0000:00:02.0
[    6.974098] SCSI subsystem initialized
[    6.977067] ACPI: bus type USB registered
[    6.977876] usbcore: registered new interface driver usbfs
[    6.978893] usbcore: registered new interface driver hub
[    6.979904] usbcore: registered new device driver usb
[    6.995639] PCI: Using ACPI for IRQ routing
[    7.037577] NetLabel: Initializing
[    7.038325] NetLabel:  domain hash size = 128
[    7.068386] NetLabel:  protocols = UNLABELED CIPSOv4
[    7.127139] NetLabel:  unlabeled traffic allowed by default
[    7.223726] amd_nb: Cannot enumerate AMD northbridges
[    7.226535] clocksource: Switched to clocksource kvm-clock
[    7.265350] AppArmor: AppArmor Filesystem Eabed[   366923] pnp: PnP AC it  7.93] p:nPCP fun 3evice
[    8.092283] PnPBIOS: Disabled by ACPI PNP

[   .14958]clksrc acpi_pm: mask: 0xffffff max_cycles: 0xffffff, max_idle_ns: 2085701024 ns
[    8.390200] NE Riser ptol family 
[   .603 TCP estaisd shablentries: 8192 (order: 3, 32768 bytes)
[    9.120825] TCP bind hash table entries: 8192 (order: 4, 65536 bytes)
[    9.121974] TCP: Hash tables configured (established 8192 bind 8192)
[    9.123234] UDP hash table entres: 512 orer: 2, 1684byes
  9.93] P-te hah ab etrs:12orr:, 634 yt)
[ 10.11108] NET Rgier ptol mi 1[ 106079pci000:0:0.: Limiting irt CI/P tnsers  115072pc00:00:01.0: Atiti IA A ng workarous

[   11.884118] Unpacking initramfs...
[   12.258138] Freeing initrd memory: 14388K
[   12.306206] RAPL PMU detected, API unit is 2^-32 Joules, 3 fixed counters 10737418240 ms ovfl timer
[   12.325024] hw unit of domain pp0-core 2^-0 Joules
[   12.342518] hw unit of domain package 2^-0 Joules
[   12.357114] hw unit of domain pp1-gpu 2^-0 Joules
[   12.467491] platform rtc_cmos: registered platform RTC device (no PNP device found)
[   12.693436] Scanning for low memory corruption every 60 seconds
[   12.846218] audit: initializing netlink subsys (disabled)
[   12.874507] audit: type=2000 audit(1537065672.194:1): initialized
[   12.975092] Initialise system trusted keyring
[   13.003440] HugeTLB registered 2 MB page size, pre-allocated 0 pages
[   13.056334] zbud: loaded
[   13.112725] VFS: Disk quotas dquot_6.6.0
[   13.159295] VFS: Dquot-cache hash table entries: 1024 (order 0, 4096 bytes)
[   13.160666] squashfs: version 4.0 (2009/01/31) Phillip Lougher
[   13.162030] fuse init (API version 7.23)
[   13.162898] Key type big_key registered
[   13.163685] Allocating IMA MOK and blacklist keyrings.
[   13.169097] Key type asymmetric registered
[   13.225936] Asymmetric key parser 'x509' registered
[   13.289512] bounce: pool size: 64 pages
[   13.352079] Block layer SCSI generic (bsg) driver version 0.4 loaded (major 249)
[   13.378338] io scheduler noop registered
[   13.379219] io scheduler deadline registered (default)
[   13.380290] io scheduler cfq registered
[   13.381221] pci_hotplug: PCI Hot Plug PCI Core version: 0.5
[   13.382310] pciehp: PCI Express Hot Plug Controller Driver version: 0.4
[   13.383725] ACPI: AC Adapter [AC] (on-line)
[   13.424001] input: Power Button as /devices/LNXSYSTM:00/LNXPWRBN:00/input/input0
[   13.425614] ACPI: Power Button [PWRF]
[   13.492894] tsc: Refined TSC clocksource calibration: 3292.470 MHz
[   13.603369] clocksource: tsc: mask: 0xffffffffffffffff max_cycles: 0x2f75832cf04, max_idle_ns: 440795293192 ns
[   13.603456] input: Sleep Button as /devices/LNXSYSTM:00/LNXSLPBN:00/input/input1
[   13.603459] ACPI: Sleep Button [SLPF]
[   13.603641] GHES: HEST is not enabled!
[   13.751461] isapnp: Scanning for PnP cards...
[   13.761895] Serial: 8250/16550 driver, 32 ports, IRQ sharing enabled
[   13.816556] 00:02: ttyS0 at I/O 0x3f8 (irq = 4, base_baud = 115200) is a 16550A
[   13.948254] Linux agpgart interface v0.103
[   14.024662] loop: module loaded
[   14.026032] scsi host0: ata_piix
[   14.026966] scsi host1: ata_piix
[   14.027715] ata1: PATA max UDMA/33 cmd 0x1f0 ctl 0x3f6 bmdma 0xd000 irq 14
[   14.028885] ata2: PATA max UDMA/33 cmd 0x170 ctl 0x376 bmdma 0xd008 irq 15
[   14.030208] libphy: Fixed MDIO Bus: probed
[   14.073877] tun: Universal TUN/TAP device driver, 1.6
[   14.079274] tun: (C) 1999-2004 Max Krasnyansky <maxk@qualcomm.com>
[   14.080557] PPP generic driver version 2.4.2
[   14.081486] ehci_hcd: USB 2.0 'Enhanced' Host Controller (EHCI) Driver
[   14.082798] ehci-pci: EHCI PCI platform driver
[   14.085871] ehci-platform: EHCI generic platform driver
[   14.088016] ohci_hcd: USB 1.1 'Open' Host Controller (OHCI) Driver
[   14.089245] ohci-pci: OHCI PCI platform driver
[   14.109012] ohci-platform: OHCI generic platform driver
[   14.123083] uhci_hcd: USB Universal Host Controller Interface driver
[   14.203353] i8042: PNP: PS/2 Controller [PNP0303:PS2K,PNP0f03:PS2M] at 0x60,0x64 irq 1,12
[   14.230742] serio: i8042 KBD port at 0x60,0x64 irq 1
[   14.236801] serio: i8042 AUX port at 0x60,0x64 irq 12
[   14.243271] mousedev: PS/2 mouse device common for all mice
[   14.244653] input: AT Translated Set 2 keyboard as /devices/platform/i8042/serio0/input/input2
[   14.246784] rtc_cmos rtc_cmos: rtc core: registered rtc_cmos as rtc0
[   14.259796] rtc_cmos rtc_cmos: alarms up to one day, 114 bytes nvram
[   14.275777] i2c /dev entries driver
[   14.276582] device-mapper: uevent: version 1.0.3
[   14.327312] device-mapper: ioctl: 4.34.0-ioctl (2015-10-28) initialised: dm-devel@redhat.com
[   14.343931] platform eisa.0: Probing EISA bus 0
[   14.344845] isapnp: No Plug & Play device found
[   14.350646] platform eisa.0: EISA: Cannot allocate resource for mainboard
[   14.351931] platform eisa.0: Cannot allocate resource for EISA slot 1
[   14.353117] platform eisa.0: Cannot allocate resource for EISA slot 2
[   14.354308] platform eisa.0: Cannot allocate resource for EISA slot 3
[   14.357417] platform eisa.0: Cannot allocate resource for EISA slot 4
[   14.358608] platform eisa.0: Cannot allocate resource for EISA slot 5
[   14.363218] platform eisa.0: Cannot allocate resource for EISA slot 6
[   14.368446] platform eisa.0: Cannot allocate resource for EISA slot 7
[   14.372792] platform eisa.0: Cannot allocate resource for EISA slot 8
[   14.382214] platform eisa.0: EISA: Detected 0 cards
[   14.383205] cpufreq-nforce2: No nForce2 chipset.
[   14.384121] ledtrig-cpu: registered to indicate activity on CPUs
[   14.385487] NET: Registered protocol family 10
[   14.386553] NET: Registered protocol family 17
[   14.387515] Key type dns_resolver registered
[   14.442416] Using IPI No-Shortcut mode
[   14.445496] registered taskstats version 1
[   14.446376] Loading compiled-in X.509 certificates
[   14.449628] Loaded X.509 cert 'Build time autogenerated kernel key: 4175c244a0fc70c2089e5f6756c44fe4dfea4aae'
[   14.453376] zswap: loaded using pool lzo/zbud
[   14.477499] Key type trusted registered
[   14.491219] Key type encrypted registered
[   14.552609] AppArmor: AppArmor sha1 policy hashing enabled
[   14.674355] ima: No TPM chip found, activating TPM-bypass!
[   14.788167] ima: Allocated hash algorithm: sha1
[   14.845938] evm: HMAC attrs: 0x1
[   14.899915]   Magic number: 2:562:662
[   14.975995] rtc_cmos rtc_cmos: setting system clock to 2018-09-16 02:41:15 UTC (1537065675)
[   15.052983] BIOS EDD facility v0.16 2004-Jun-25, 0 devices found
[   15.118614] EDD information not available.
[   15.190919] Freeing unused kernel memory: 952K
[   15.246851] Write protecting the kernel text: 8044k
[   15.343754] Write protecting the kernel read-only data: 3184k
[   15.437513] NX-protecting the kernel data: 6292k
Loading, please wait...
starting version[   15.522721] random: systemd-udevd: uninitialized urandom read (16 bytes read, 0 bits of entropy available)
 229
[   15.523136] random: udevadm: uninitialized urandom read (16 bytes read, 0 bits of entropy available)
[   15.534906] random: udevadm: uninitialized urandom read (16 bytes read, 0 bits of entropy available)
[   15.534951] random: udevadm: uninitialized urandom read (16 bytes read, 0 bits of entropy available)
[   15.535103] random: udevadm: uninitialized urandom read (16 bytes read, 0 bits of entropy available)
[   15.535154] random: udevadm: uninitialized urandom read (16 bytes read, 0 bits of entropy available)
[   15.535201] random: udevadm: uninitialized urandom read (16 bytes read, 0 bits of entropy available)
[   15.535262] random: udevadm: uninitialized urandom read (16 bytes read, 0 bits of entropy available)
[   15.535310] random: udevadm: uninitialized urandom read (16 bytes read, 0 bits of entropy available)
[   15.535359] random: udevadm: uninitialized urandom read (16 bytes read, 0 bits of entropy available)
[   16.426563] Fusion MPT base driver 3.04.20
[   16.485521] Copyright (c) 1999-2008 LSI Corporation
[   16.505159] e1000: Intel(R) PRO/1000 Network Driver - version 7.3.21-k8-NAPI
[   16.539087] e1000: Copyright (c) 1999-2006 Intel Corporation.
[   16.587592] Fusion MPT SPI Host driver 3.04.20
[   16.746872] input: ImExPS/2 Generic Explorer Mouse as /devices/platform/i8042/serio1/input/input4
[   17.059674] e1000 0000:00:03.0 eth0: (PCI:33MHz:32-bit) 02:e5:fa:23:16:19
[   17.151490] e1000 0000:00:03.0 eth0: Intel(R) PRO/1000 Network Connection
[   17.248517] mptbase: ioc0: Initiating bringup
[   17.248999] e1000 0000:00:03.0 enp0s3: renamed from eth0
[   17.595665] ioc0: LSI53C1030 A0: Capabilities={Initiator}
[   18.552622] scsi host2: ioc0: LSI53C1030 A0, FwRev=00000000h, Ports=1, MaxQ=256, IRQ=20
[   19.945117] scsi 2:0:0:0: Direct-Access     VBOX     HARDDISK         1.0  PQ: 0 ANSI: 5
[   20.621837] scsi target2:0:0: Beginning Domain Validation
[   20.648568] scsi target2:0:0: Domain Validation skipping write tests
[   20.691293] scsi target2:0:0: Ending Domain Validation
[   20.715071] scsi target2:0:0: asynchronous
[   20.722182] scsi 2:0:1:0: Direct-Access     VBOX     HARDDISK         1.0  PQ: 0 ANSI: 5
[   20.743711] scsi target2:0:1: Beginning Domain Validation
[   20.746524] scsi target2:0:1: Domain Validation skipping write tests
[   20.747695] scsi target2:0:1: Ending Domain Validation
[   20.748816] scsi target2:0:1: asynchronous
[   20.757012] sd 2:0:0:0: Attached scsi generic sg0 type 0
[   20.757134] sd 2:0:0:0: [sda] 20971520 512-byte logical blocks: (10.7 GB/10.0 GiB)
[   20.757396] sd 2:0:0:0: [sda] Write Protect is off
[   20.757563] sd 2:0:0:0: [sda] Incomplete mode parameter data
[   20.757564] sd 2:0:0:0: [sda] Assuming drive cache: write through
[   20.759020]  sda: sda1
[   20.759756] sd 2:0:0:0: [sda] Attached SCSI disk
[   20.789019] sd 2:0:1:0: Attached scsi generic sg1 type 0
[   20.789158] sd 2:0:1:0: [sdb] 20480 512-byte logical blocks: (10.5 MB/10.0 MiB)
[   20.789301] sd 2:0:1:0: [sdb] Write Protect is off
[   20.789400] sd 2:0:1:0: [sdb] Incomplete mode parameter data
[   20.789401] sd 2:0:1:0: [sdb] Assuming drive cache: write through
[   20.791928] sd 2:0:1:0: [sdb] Attached SCSI disk
Begin: Loading essential drivers[   22.167254] md: linear personality registered for level -1
 ... [   22.316148] md: multipath personality registered for level -4
[   22.370099] md: raid0 personality registered for level 0
[   22.377363] md: raid1 personality registered for level 1
[   22.470584] raid6: mmxx1    gen()  5371 MB/s
[   22.578543] raid6: mmxx2    gen()  5535 MB/s
[   22.755033] raid6: sse1x1   gen()  4285 MB/s
[   22.867504] raid6: sse1x2   gen()  5516 MB/s
[   22.986728] raid6: sse2x1   gen()  8421 MB/s
[   23.055177] raid6: sse2x1   xor()  7266 MB/s
[   23.202777] raid6: sse2x2   gen() 11498 MB/s
[   23.323039] raid6: sse2x2   xor()  5952 MB/s
[   23.408593] raid6: using algorithm sse2x2 gen() 11498 MB/s
[   23.451563] raid6: .... xor() 5952 MB/s, rmw enabled
[   23.452501] raid6: using ssse3x1 recovery algorithm
[   23.457041] xor: automatically using best checksumming function:
[   23.543141]    avx       : 26450.000 MB/sec
[   23.625622] async_tx: api initialized (async)
[   23.759362] md: raid6 personality registered for level 6
[   23.842744] md: raid5 personality registered for level 5
[   23.932838] md: raid4 personality registered for level 4
[   23.941944] md: raid10 personality registered for level 10
done.
Begin: Running /scripts/init-premount ... done.
Begin: Mounting root file system ... Begin: Running /scripts/local-top ... done.
Begin: Running /scripts/local-premount ... [   24.074386] Btrfs loaded
Scanning for Btrfs filesystems
done.
Warning: fsck not present, so sk[   24.121222] EXT4-fs (sda1): mounted filesystem with ordered data mode. Opts: (null)
ipping root file system
done.
Begin: Running /scripts/local-bottom ... done.
Begin: Running /scripts/init-bottom ... done.
[   24.298994] systemd[1]: systemd 229 running in system mode. (+PAM +AUDIT +SELINUX +IMA +APPARMOR +SMACK +SYSVINIT +UTMP +LIBCRYPTSETUP +GCRYPT +GNUTLS +ACL +XZ -LZ4 +SECCOMP +BLKID +ELFUTILS +KMOD -IDN)
[   24.540166] systemd[1]: Detected virtualization oracle.
[   24.619642] systemd[1]: Detected architecture x86.

Welcome to [1mUbuntu 16.04.5 LTS[0m!

[   24.727799] systemd[1]: Set hostname to <ubuntu>.
[   24.801932] systemd[1]: Initializing machine ID from random generator.
[   24.981516] systemd[1]: Installed transient /etc/machine-id file.
[   25.276728] systemd[1]: Listening on Journal Socket (/dev/log).
[[0;32m  OK  [0m] Listening on Journal Socket (/dev/log).
[   25.279574] systemd[1]: Reached target Encrypted Volumes.
[[0;32m  OK  [0m] Reached target Encrypted Volumes.
[   25.282084] systemd[1]: Reached target System Time Synchronized.
[[0;32m  OK  [0m] Reached target System Time Synchronized.
[   25.284758] systemd[1]: Listening on Journal Audit Socket.
[[0;32m  OK  [0m] Listening on Journal Audit Socket.
[   25.287309] systemd[1]: Listening on Journal Socket.
[[0;32m  OK  [0m] Listening on Journal Socket.
[   25.289662] systemd[1]: Listening on LVM2 metadata daemon socket.
[[0;32m  OK  [0m] Listening on LVM2 metadata daemon socket.
[   25.292363] systemd[1]: Started Forward Password Requests to Wall Directory Watch.
[[0;32m  OK  [0m] Started Forward Password Requests to Wall Directory Watch.
[   25.295582] systemd[1]: Listening on Syslog Socket.
[[0;32m  OK  [0m] Listening on Syslog Socket.
[   25.299588] systemd[1]: Created slice System Slice.
[[0;32m  OK  [0m] Created slice System Slice.
[   25.310826] systemd[1]: Mounting POSIX Message Queue File System...
         Mounting POSIX Message Queue File System...
[   25.454779] systemd[1]: Starting Nameserver information manager...
         Starting Nameserver information manager...
[   25.598667] systemd[1]: Mounting Huge Pages File System...
         Mounting Huge Pages File System...
[   25.686966] systemd[1]: Created slice system-serial\x2dgetty.slice.
[[0;32m  OK  [0m] Created slice system-serial\x2dgetty.slice.
[   25.823329] systemd[1]: Starting Uncomplicated firewall...
         Starting Uncomplicated firewall...
[   25.979092] systemd[1]: Started Trigger resolvconf update for networkd DNS.
[[0;32m  OK  [0m] Started Trigger resolvconf update for networkd DNS.
[   26.086675] systemd[1]: Starting Journal Service...
         Starting Journal Service...
[   26.144970] systemd[1]: Starting Create list of required static device nodes for the current kernel...
         Starting Create list of required st... nodes for the current kernel...
[   26.149695] systemd[1]: Listening on /dev/initctl Compatibility Named Pipe.
[[0;32m  OK  [0m] Listening on /dev/initctl Compatibility Named Pipe.
[   26.186368] systemd[1]: Starting Remount Root and Kernel File Systems...
         Starting Remount Root and Kernel File Systems...[   26.191184] EXT4-fs (sda1): re-mounted. Opts: (null)

[   26.204959] systemd[1]: Starting Set console keymap...
         Starting Set console keymap...
[   26.257247] random: nonblocking pool is initialized
[   26.265053] systemd[1]: Reached target User and Group Name Lookups.
[[0;32m  OK  [0m] Reached target User and Group Name Lookups.
[   26.277368] systemd[1]: Listening on udev Control Socket.
[[0;32m  OK  [0m] Listening on udev Control Socket.
[   26.294757] systemd[1]: Mounting Debug File System...
         Mounting Debug File System...
[   26.363608] systemd[1]: Listening on LVM2 poll daemon socket.
[[0;32m  OK  [0m] Listening on LVM2 poll daemon socket.
[   26.419387] systemd[1]: Starting Load Kernel Modules...
         Starting Load Kernel Modules...
[   26.449604] systemd[1]: Listening on udev Kernel Socket.
[   26.449750] Loading iSCSI transport class v2.0-870.
[[0;32m  OK  [0m] Listening on udev Kernel Socket.
[   26.575388] systemd[1]: Set up automount Arbitrary Executable File Formats File System Automount Point.
[[0;32m  OK  [0m] Set up automount Arbitrary Executab...ats File System Automount Point.
[   26.580516] systemd[1]: Reached target Swap.
[   6.52] cs: registered transport (tcp)

[[0;32m  OK  [0m] Reached target Swap.
[   26.875459] systemd[1]: Created slice User and Session Slice.
[[0;32m  OK  [0[   26.898199] iscsi: registered transport (iser)
m] Created slice User and Session Slice.
[   26.931828] systemd[1]: Reached target Slices.
[[0;32m  OK  [0m] Reached target Slices.
[   26.947615] systemd[1]: Listening on Device-mapper event daemon FIFOs.
[[0;32m  OK  [0m] Listening on Device-mapper event daemon FIFOs.
[   26.963182] systemd[1]: Starting Monitoring of LVM2 mirrors, snapshots etc. using dmeventd or progress polling...
         Starting Monitoring of LVM2 mirrors... dmeventd or progress polling...
[   26.976252] systemd[1]: Mounted Debug File System.
[[0;32m  OK  [0m] Mounted Debug File System.
[   27.035582] systemd[1]: Mounted POSIX Message Queue File System.
[[0;32m  OK  [0m] Mounted POSIX Message Queue File System.
[   27.143092] systemd[1]: Mounted Huge Pages File System.
[[0;32m  OK  [0m] Mounted Huge Pages File System.
[   27.151125] systemd[1]: Started Journal Service.
[[0;32m  OK  [0m] Started Journal Service.
[[0;32m  OK  [0m] Started Uncomplicated firewall.
[[0;32m  OK  [0m] Started Create list of required sta...ce nodes for the current kernel.
[[0;32m  OK  [0m] Started Remount Root and Kernel File Systems.
[[0;32m  OK  [0m] Started Set console keymap.
[[0;32m  OK  [0m] Started Load Kernel Modules.
[[0;32m  OK  [0m] Started Nameserver information manager.
[[0;32m  OK  [0m] Started LVM2 metadata daemon.
         Starting Apply Kernel Variables...
         Mounting FUSE Control File System...
         Starting Load/Save Random Seed...
         Starting udev Coldplug all Devices...
         Starting Create Static Device Nodes in /dev...
         Starting Flush Journal to Persistent Storage...
[[0;32m  OK  [0m] Mounted FUSE Control File System.
[[0;32m  OK  [0m] Started Apply Kernel Variables.
[[0;32m  OK  [0m] Started Load/Save Random Seed.
[[0;32m  OK  [0m] Started Monitoring of LVM2 mirrors,...ng dmeventd or progress polling.
[[0;32m  OK  [0m] Started Create Static Device Nodes in /dev.
[[0;32m  OK  [0m] Started udev Coldplug all Devices.
[[0;32m  OK  [0m] Started Flush Journal to Persistent Storage.
         Starting udev Kernel Device Manager...
[[0;32m  OK  [0m] Started udev Kernel Device Manager.
[[0;32m  OK  [0m] Reached target Local File Systems (Pre).
[[0;32m  OK  [0m] Reached target Local File Systems.
         Starting LSB: AppArmor initialization...
         Starting Commit a transient machine-id on disk...
         Starting Create Volatile Files and Directories...
         Starting Set console font and keymap...
         Starting Tell Plymouth To Write Out Runtime Data...
         Starting Initial cloud-init job (pre-networking)...
[[0;32m  OK  [0m] Started Dispatch Password Requests to Console Directory Watch.
[[0;32m  OK  [0m] Started Commit a transient machine-id on disk.
[[0;32m  OK  [0m] Started Create Volatile Files and Directories.
[[0;32m  OK  [0m] Started Tell Plymouth To Write Out Runtime Data.
         Starting Update UTMP about System Boot/Shutdown...
[[0;32m  OK  [0m] Started Update UTMP about System Boot/Shutdown.
[[0;32m  OK  [0m] Found device /dev/ttyS0.
[[0;32m  OK  [0m] Listening on Load/Save RF Kill Switch Status /dev/rfkill Watch.
[[0;32m  OK  [0m] Started LSB: AppArmor initialization.
[   22.680687] cloud-init[477]: Cloud-init v. 18.3-9-g2e62cb8a-0ubuntu1~16.04.2 running 'init-local' at Sun, 16 Sep 2018 02:41:29 +0000. Up 22.35 seconds.
[[0;32m  OK  [0m] Started Initial cloud-init job (pre-networking).
[[0;32m  OK  [0m] Started Set console font and keymap.
[[0;32m  OK  [0m] Created slice system-getty.slice.
[[0;32m  OK  [0m] Reached target Network (Pre).
         Starting Raise network interfaces...
[[0;32m  OK  [0m] Started Raise network interfaces.
         Starting Initial cloud-init job (metadata service crawler)...
[[0;32m  OK  [0m] Reached target Network.
[   24.189888] cloud-init[908]: Cloud-init v. 18.3-9-g2e62cb8a-0ubuntu1~16.04.2 running 'init' at Sun, 16 Sep 2018 02:41:30 +0000. Up 23.44 seconds.
[   24.260579] cloud-init[908]: ci-info: ++++++++++++++++++++++++++++++++++++++Net device info++++++++++++++++++++++++++++++++++++++
[[0;32m  OK  [0m] Started Initial cloud-init job (metadata service crawler).
[   24.328376] [cloud-init[0;32m  OK  [0m[908]: ] ci-info: +--------+------+----------------------------+---------------+--------+-------------------+Reached target System Initialization.

[   24.361836] cloud-init[908]: ci-info: | Device |  Up  |          Address           |      Mask     | Scope  |     Hw-Address    |
[   24.540457]          cloud-initStarting LXD - unix socket.[908]: 
ci-info: +--------+------+----------------------------+---------------+--------+-------------------+
[[0;32m  OK  [0m] Listening on UUID daemon activation socket.
[   24.559712] [cloud-init[0;32m  OK  [0m[908]: ] ci-info: | enp0s3 | True |         10.0.2.15          | 255.255.255.0 | global | 02:e5:fa:23:16:19 |Listening on D-Bus System Message Bus Socket.

[   24.593644] cloud-init[908]: ci-info: | enp0s3 | True | fe80::e5:faff:fe23:1619/64 |       .       |  link  | 02:e5:fa:23:16:19 |
[   24.733211] [[0;32m  OK  [0m] Started ACPI Events Check.
[[0;32m  OK  [0m] Reached target Paths.
         Starting Socket activation for snappy daemon.
[[0;32m  OK  [0m] Listening on ACPID Listen Socket.
[[0;32m  OK  [0m] Started Daily Cleanup of Temporary Directories.
[[0;32m  OK  [0m] Started Daily apt download activities.
[[0;32m  OK  [0m] Started Daily apt upgrade and clean activities.
cloud-init[908]: ci-info: |   lo   | True |         127.0.0.1          |   255.0.0.0   |  host  |         .         |
[   24.952563] [[0;32m  OK  [0m] Reached target Timers.
[[0;32m  OK  [0m] cloud-initReached target Cloud-config availability.[908]: 
ci-info: |   lo   | True |          ::1/128           |       .       |  host  |         .         |
[   25.077204] [cloud-init[0;32m  OK  [0m[908]: ] ci-info: +--------+------+----------------------------+---------------+--------+-------------------+Reached target Network is Online.

[   25.078632] cloud-init[908]: ci-info: +++++++++++++++++++++++++++Route IPv4 info++++++++++++++++++++++++++++
[   25.257123]          cloud-initStarting iSCSI initiator daemon (iscsid)...[908]: 
ci-info: +-------+-------------+----------+---------------+-----------+-------+
[   25.283469] [[0;32m  OK  [0m] Listening on LXD - unix socket.
cloud-init[908]: ci-info: | Route | Destination | Gateway  |    Genmask    | Interface | Flags |
[   25.385365] [cloud-init[0;32m  OK  [0m[908]: ] ci-info: +-------+-------------+----------+---------------+-----------+-------+Listening on Socket activation for snappy daemon.

[   25.386924] cloud-init[908]: ci-info: |   0   |   0.0.0.0   | 10.0.2.2 |    0.0.0.0    |   enp0s3  |   UG  |
[   25.525131] [cloud-init[0;32m  OK  [0m[908]: ] ci-info: |   1   |   10.0.2.0  | 0.0.0.0  | 255.255.255.0 |   enp0s3  |   U   |Started iSCSI initiator daemon (iscsid).

[   25.526250] cloud-init[908]: ci-info: +-------+-------------+----------+---------------+-----------+-------+
[   25.693061]          cloud-initStarting Login to default iSCSI targets...[908]: 
ci-info: +++++++++++++++++++Route IPv6 info+++++++++++++++++++
[   25.793307] [cloud-init[0;32m  OK  [0m[908]: ] ci-info: +-------+-------------+---------+-----------+-------+Reached target Sockets.

[   25.866632] [[0;32m  OK  [0m] Reached target Basic System.
cloud-init[908]: ci-info: | Route | Destination | Gateway | Interface | Flags |
[   25.890036]          cloud-initStarting Accounts Service...[908]: 
ci-info: +-------+-------------+---------+-----------+-------+
[   25.956727]          cloud-initStarting Virtualbox guest utils...[908]: 
ci-info: |   0   |  fe80::/64  |    ::   |   enp0s3  |   U   |
[   25.978315]          cloud-initStarting LXD - container startup/shutdown...[908]: 
ci-info: |   3   |   ff00::/8  |    ::   |   enp0s3  |   U   |
         Starting LSB: Record successful boot for GRUB...
[   26.015335] cloud-init[908]: ci-info: +-------+-------------+---------+-----------+-------+
         Starting Snappy daemon...
[   26.049714] cloud-init[908]: Generating public/private rsa key pair.
[   26.085860]          Starting Pollinate to seed the pseudo random number generator...
         Starting /etc/rc.local Compatibility...
cloud-init[908]: Your identification has been saved in /etc/ssh/ssh_host_rsa_key.
         Starting Login Service...
[   26.143824] cloud-init[908]: Your public key has been saved in /etc/ssh/ssh_host_rsa_key.pub.
[   26.146772] cloud-init[908]: The key fingerprint is:
[   26.148310] cloud-init[908]: SHA256:pOsE7jj92/WtKFkK57MXj1D8Q09+YwPSd1W2cJlKDVM root@ubuntu-xenial
[   26.170336] cloud-init[908]: The key's randomart image is:
[   26.184635]          cloud-initStarting LSB: MD monitoring daemon...[908]: 
+---[RSA 2048]----+
[   26.211241] [cloud-init[0;32m  OK  [0m[908]: ] |             ++E*|Started D-Bus System Message Bus.

[   26.211706] cloud-init[908]: |             .+=o|
[   26.235194] cloud-init[908]: |        ..  o ...|
[   26.236871] cloud-init[908]: |       o  o..+...|
[   26.238517] cloud-init[908]: |    . . S. o.+o .|
[   26.240144] cloud-init[908]: |   . ...o o o o+.|
[   26.269255] cloud-init[908]: |   .. o+ =.+ ...o|
[   26.312374] cloud-init[908]: |  .o.o .*.oo..   |
[   26.314876] cloud-init[908]: |  ....+.o=. o..  |
[   26.341470]          Starting System Logging Service...
cloud-init[[0;32m  OK  [0m] Started Deferred execution scheduler.
[908]: [[0;32m  OK  [0m] Started Regular background program processing daemon.
[[0;32m  OK  [0m] Started FUSE filesystem for LXC.
[[0;32m  OK  [0m] Started Unattended Upgrades Shutdown.
[[0;32m  OK  [0m] Started ACPI event daemon.
+----[SHA256]-----+
[   26.400318] [[0;32m  OK  [0m] Started LXD - container startup/shutdown.
cloud-init[908]: Generating public/private dsa key pair.
[   26.428372] [[0;32m  OK  [0m] Started /etc/rc.local Compatibility.
cloud-init[908]: Your identification has been saved in /etc/ssh/ssh_host_dsa_key.
[   26.487418] cloud-init[908]: Your public key has been saved in /etc/ssh/ssh_host_dsa_key.pub.
[[0;32m  OK  [0m] Started System Logging Service.
[   26.492566] cloud-init[908]: The key fingerprint is:
[   26.522847] cloud-init[908]: SHA256:yIEjjCXnmLhpiWgb0+eIQGhtjmJ/fSdJcgc/4nUaPg8 root@ubuntu-xenial
[   26.525184] cloud-init[908]: The key's randomart image is:
[   26.526835] cloud-init[908]: +---[DSA 1024]----+
[   26.529093] cloud-init[908]: |. o              |
[   26.531039] cloud-init[908]: |oX.  .           |
[   26.569717] cloud-init[908]: |*o+oo .  .       |
[   26.629935] cloud-init[908]: |=o*. o o  o      |
[   26.630225] cloud-init[908]: |BO o .o.S+ * .   |
[[0;32m  OK  [0m] Started Login to default iSCSI targets.
[[   26.630492] cloud-init[908]: |* * + . = * =    |
[   26.635944] cloud-init[908]: | o o o . = E     |
[0;32m  OK  [0m] Started Virtualbox guest utils.
[   26.636207] cloud-init[908]: |    .   . o +    |
[   26.652773] cloud-init[908]: |             .   |
[   26.653069] cloud-init[908]: +----[SHA256]-----+
[   26.653253] cloud-init[908]: Generating public/private ecdsa key pair.
[   26.653422] cloud-init[908]: Your identification has been saved in /etc/ssh/ssh_host_ecdsa_key.
[   26.653588] cloud-init[908]: Your public key has been saved in /etc/ssh/ssh_host_ecdsa_key.pub.
[   26.653761] cloud-init[908]: The key fingerprint is:
[[0;32m  OK  [0m] Started Snappy daemon.
[   26.653917] cloud-init[908]: SHA256:my8nrnwo70mtrphhSAx2QZGnCQcSlpBlLX2HbgsxUK0 root@ubuntu-xenial
[   26.694797] cloud-init[908]: The key's randomart image is:
[   26.700580] cloud-init[908]: +---[ECDSA 256]---+
[   26.701825] cloud-init[908]: |=*BO+. .         |
[   26.703259] cloud-init[908]: |++.o*.+ .        |
[   26.704366] cloud-init[908]: |..oo+* .         |
[   26.705440] cloud-init[908]: |+ .oE o          |
[   26.705828] cloud-init[908]: | o   o .S        |
[   26.706012] cloud-init[908]: |..    .. o       |
[   26.706168] cloud-init[908]: |. o   ..+        |
[   26.706800] cloud-init[908]: | . +.o.o+..      |
[   26.706952] cloud-init[908]: |  o .*O+.+.      |
[   26.707137] cloud-init[908]: +----[SHA256]-----+
[   26.707294] cloud-init[908]: Generating public/private ed25519 key pair.
[   26.707469] cloud-init[908]: Your identification has been saved in /etc/ssh/ssh_host_ed25519_key.
[   26.707635] cloud-init[908]: Your public key has been saved in /etc/ssh/ssh_host_ed25519_key.pub.
[   26.707803] cloud-init[908]: The key fingerprint is:
[   26.714929] cloud-init[908]: SHA256:zkrqmC3Mbe/RK69bIfeSmcRp+V2B4CO4B+ppVA+vE7c root@ubuntu-xenial
[   26.714994] cloud-init[908]: The key's randomart image is:
[[0;32m  OK  [0m] Started LSB: Record successful boot for GRUB.
[   26.715163] cloud-init[908]: +--[ED25519 256]--+
[   26.766025] cloud-init[908]: |          .      |
[   26.767681] cloud-init[908]: |       . . . .   |
[   26.770095] cloud-init[908]: |      = . o . .  |
[   26.773161] cloud-init[908]: |     o B + .   . |
[   26.773582] cloud-init[908]: |    o + S     .  |
[   26.773739] cloud-init[908]: |   o . & O . .   |
[   26.773900] cloud-init[908]: | o .+ = E o .    |
[   26.774065] cloud-init[908]: |  +=oo.= o       |
[   26.774659] cloud-init[908]: |  o++o*=o        |
[   26.774757] cloud-init[908]: +----[SHA256]-----+
[[0;32m  OK  [0m] Started LSB: MD monitoring daemon.
[[0;32m  OK  [0m] Started Login Service.
         Starting Authenticate and Authorize Users to Run Privileged Tasks...
         Starting Wait until snapd is fully seeded...
[[0;32m  OK  [0m] Reached target Remote File Systems (Pre).
[[0;32m  OK  [0m] Reached target Remote File Systems.
         Starting Permit User Sessions...
         Starting LSB: daemon to balance interrupts for SMP systems...
         Starting LSB: Set the CPU Frequency Scaling governor to "ondemand"...
         Starting LSB: automatic crash report generation...
[[0;32m  OK  [0m] Started Permit User Sessions.
[[0;32m  OK  [0m] Started Authenticate and Authorize Users to Run Privileged Tasks.
[[0;32m  OK  [0m] Started Accounts Service.
[[0;32m  OK  [0m] Started LSB: Set the CPU Frequency Scaling governor to "ondemand".
         Starting Hold until boot process finishes up...
         Starting Terminate Plymouth Boot Screen...
[[0;32m  OK  [0m] Started LSB: daemon to balance interrupts for SMP systems.
[[0;32m  OK  [0m] Started LSB: automatic crash report generation.
[[0;32m  OK  [0m] Started Hold until boot process finishes up.
[[0;32m  OK  [0m] Started Terminate Plymouth Boot Screen.
[[0;32m  OK  [0m] Started Serial Getty on ttyS0.
[[0;32m  OK  [0m] Started Getty on tty1.
[[0;32m  OK  [0m] Reached target Login Prompts.
         Starting Set console scheme...
[[0;32m  OK  [0m] Started Set console scheme.
[[0;32m  OK  [0m] Started Wait until snapd is fully seeded.
         Starting Apply the settings specified in cloud-config...
[   31.056374] cloud-init[1214]: Generating locales (this might take a while)...
[   32.971901] cloud-init[1214]:   en_US.UTF-8... done
[   32.972603] cloud-init[1214]: Generation complete.

Ubuntu 16.04.5 LTS ubuntu-xenial ttyS0

ubuntu-xenial login: [   33.351530] cloud-init[1214]: Cloud-init v. 18.3-9-g2e62cb8a-0ubuntu1~16.04.2 running 'modules:config' at Sun, 16 Sep 2018 02:41:38 +0000. Up 30.86 seconds.
ci-info: no authorized ssh keys fingerprints found for user ubuntu.
<14>Sep 16 02:41:41 ec2: 
<14>Sep 16 02:41:41 ec2: #############################################################
<14>Sep 16 02:41:41 ec2: -----BEGIN SSH HOST KEY FINGERPRINTS-----
<14>Sep 16 02:41:41 ec2: 1024 SHA256:yIEjjCXnmLhpiWgb0+eIQGhtjmJ/fSdJcgc/4nUaPg8 root@ubuntu-xenial (DSA)
<14>Sep 16 02:41:41 ec2: 256 SHA256:my8nrnwo70mtrphhSAx2QZGnCQcSlpBlLX2HbgsxUK0 root@ubuntu-xenial (ECDSA)
<14>Sep 16 02:41:41 ec2: 256 SHA256:zkrqmC3Mbe/RK69bIfeSmcRp+V2B4CO4B+ppVA+vE7c root@ubuntu-xenial (ED25519)
<14>Sep 16 02:41:41 ec2: 2048 SHA256:pOsE7jj92/WtKFkK57MXj1D8Q09+YwPSd1W2cJlKDVM root@ubuntu-xenial (RSA)
<14>Sep 16 02:41:41 ec2: -----END SSH HOST KEY FINGERPRINTS-----
<14>Sep 16 02:41:41 ec2: #############################################################
-----BEGIN SSH HOST KEY KEYS-----
ecdsa-sha2-nistp256 AAAAE2VjZHNhLXNoYTItbmlzdHAyNTYAAAAIbmlzdHAyNTYAAABBBEB76vs/JKecU/9g7Blcb7mrRSHA8jO4WN/Jbhri6zmxgY1/lfcYk2c/gdLscBvB0v6xA5V7mm6fdKasS4pQhFU= root@ubuntu-xenial
ssh-ed25519 AAAAC3NzaC1lZDI1NTE5AAAAIFG5SquQY0w3SBcN2/e9dgaqsFuDO1lQuuvpe1V9lG1A root@ubuntu-xenial
ssh-rsa AAAAB3NzaC1yc2EAAAADAQABAAABAQDVo4Wc4/Tf8OAGW9R3U1aWzJwzPbgXhJtITWUuBcI0lDKUmG+03ItzKXYzlz72walBLg055jNHGA4xUMz/db4TIgepVP09eOs5LxGjtsWLZvoNjO28koJURwizCRF51immq/5weObvOPmNqGGH/Lvr2G4lEBw4tyG/tEzgZ0+syk/eqPUpoEsUTDJolfIowsWVgpgSPnn4WyeV0yvQURphuejmzUpVgmszntuEWsAG2AenHjE3TPdnlY+zcvg5n8g0YEQC7JBkBu4kScWB4/3WyTGB3KQQBCqtBBnIwxCR0ZnFtZg9jWHESoEpiBV7+i/H5fsk0o0H4Xo8kVbIh/J3 root@ubuntu-xenial
-----END SSH HOST KEY KEYS-----
[   33.827131] cloud-init[1277]: Cloud-init v. 18.3-9-g2e62cb8a-0ubuntu1~16.04.2 running 'modules:final' at Sun, 16 Sep 2018 02:41:40 +0000. Up 33.65 seconds.
[   33.827382] cloud-init[1277]: ci-info: no authorized ssh keys fingerprints found for user ubuntu.
[   33.827538] cloud-init[1277]: Cloud-init v. 18.3-9-g2e62cb8a-0ubuntu1~16.04.2 finished at Sun, 16 Sep 2018 02:41:41 +0000. Datasource DataSourceNoCloud [seed=/dev/sdb][dsmode=net].  Up 33.82 seconds
